// Jest Snapshot v1, https://goo.gl/fbAQLP

exports[`Book Book renders with data 1`] = `
Object {
  "asFragment": [Function],
  "baseElement": <body>
    <div>
      <article
        class="book-card"
      >
        <div
          class="book-card__cover"
        >
          <span
            class=" lazy-load-image-background blur"
            style="background-image: url(image); background-size: 100% 100%; display: inline-block; height: 237px;"
          >
            <img
              alt="Обложка книги Чистый код"
              height="237"
              src="image"
            />
          </span>
        </div>
        <h2
          class="book-card__name"
        >
          Чистый код
        </h2>
        <span
          class="book-card__availability book-card__availability--yes"
        >
          Доступна
        </span>
        <button
          class="book-card__copy"
          type="button"
        >
          Скопировать название
        </button>
      </article>
    </div>
  </body>,
  "button": <button
    class="book-card__copy"
    type="button"
  >
    Скопировать название
  </button>,
  "container": <div>
    <article
      class="book-card"
    >
      <div
        class="book-card__cover"
      >
        <span
          class=" lazy-load-image-background blur"
          style="background-image: url(image); background-size: 100% 100%; display: inline-block; height: 237px;"
        >
          <img
            alt="Обложка книги Чистый код"
            height="237"
            src="image"
          />
        </span>
      </div>
      <h2
        class="book-card__name"
      >
        Чистый код
      </h2>
      <span
        class="book-card__availability book-card__availability--yes"
      >
        Доступна
      </span>
      <button
        class="book-card__copy"
        type="button"
      >
        Скопировать название
      </button>
    </article>
  </div>,
  "cover": <img
    alt="Обложка книги Чистый код"
    height="237"
    src="image"
  />,
  "debug": [Function],
  "findAllByAltText": [Function],
  "findAllByDisplayValue": [Function],
  "findAllByLabelText": [Function],
  "findAllByPlaceholderText": [Function],
  "findAllByRole": [Function],
  "findAllByTestId": [Function],
  "findAllByText": [Function],
  "findAllByTitle": [Function],
  "findByAltText": [Function],
  "findByDisplayValue": [Function],
  "findByLabelText": [Function],
  "findByPlaceholderText": [Function],
  "findByRole": [Function],
  "findByTestId": [Function],
  "findByText": [Function],
  "findByTitle": [Function],
  "getAllByAltText": [Function],
  "getAllByDisplayValue": [Function],
  "getAllByLabelText": [Function],
  "getAllByPlaceholderText": [Function],
  "getAllByRole": [Function],
  "getAllByTestId": [Function],
  "getAllByText": [Function],
  "getAllByTitle": [Function],
  "getByAltText": [Function],
  "getByDisplayValue": [Function],
  "getByLabelText": [Function],
  "getByPlaceholderText": [Function],
  "getByRole": [Function],
  "getByTestId": [Function],
  "getByText": [Function],
  "getByTitle": [Function],
  "name": <h2
    class="book-card__name"
  >
    Чистый код
  </h2>,
  "queryAllByAltText": [Function],
  "queryAllByDisplayValue": [Function],
  "queryAllByLabelText": [Function],
  "queryAllByPlaceholderText": [Function],
  "queryAllByRole": [Function],
  "queryAllByTestId": [Function],
  "queryAllByText": [Function],
  "queryAllByTitle": [Function],
  "queryByAltText": [Function],
  "queryByDisplayValue": [Function],
  "queryByLabelText": [Function],
  "queryByPlaceholderText": [Function],
  "queryByRole": [Function],
  "queryByTestId": [Function],
  "queryByText": [Function],
  "queryByTitle": [Function],
  "rerender": [Function],
  "unmount": [Function],
}
`;
